q(s(s(V_2i), V_3i, V_4i, V_5i), 1, transform-func-1(V_18c)) :- q(s(V_2i, V_3i, V_4i, s(V_5i)), 2, V_18c).
q(s(V_6i, s(V_7i), V_8i, V_9i), 2, transform-func-2(V_19c)) :- q(s(s(V_6i), V_7i, V_8i, V_9i), 3, V_19c).
q(s(V_10i, V_11i, s(V_12i), V_13i), 3, transform-func-3(V_20c)) :- q(s(V_10i, s(V_11i), V_12i, V_13i), 4, V_20c).
q(s(V_14i, V_15i, V_16i, s(V_17i)), 4, transform-func-4(V_21c)) :- q(s(V_14i, V_15i, s(V_16i), V_17i), 1, V_21c).
