q(s(s(V_2), V_3, V_4, V_5), 1, transform-func-1(V_-18)) :- q(s(V_2, V_3, V_4, s(V_5)), 2, V_-18).
q(s(V_6, s(V_7), V_8, V_9), 2, transform-func-2(V_-19)) :- q(s(s(V_6), V_7, V_8, V_9), 3, V_-19).
q(s(V_10, V_11, s(V_12), V_13), 3, transform-func-3(V_-20)) :- q(s(V_10, s(V_11), V_12, V_13), 4, V_-20).
q(s(V_14, V_15, V_16, s(V_17)), 4, transform-func-4(V_-21)) :- q(s(V_14, V_15, s(V_16), V_17), 1, V_-21).
